// Jest Snapshot v1, https://goo.gl/fbAQLP

exports[`Core Functionality Seeding 1`] = `"bar,bar"`;
